# Test that MarvelPaths2 uses Dijkstra to find the min-cost path

loaded graph csefriends

# Simple case
path from Jack to Duncan:
Jack to Duncan with weight 1.000
total cost: 1.000

# Different case
path from Ashley to Duncan:
Ashley to Cat with weight 1.000
Cat to Novin with weight 1.000
Novin to Duncan with weight 1.000
total cost: 3.000
